<!-- wp:paragraph -->Sint sint nulla voluptate nulla adipisicing non proident excepteur duis fugiat fugiat qui minim reprehenderit. Irure adipisicing mollit ipsum eiusmod consequat reprehenderit elit anim irure deserunt in deserunt. In dolore ut quis ex quis laboris ex eu. Minim culpa cillum eu.-proident excepteur duis fugiat fugiat qui minim reprehenderit<!-- /wp:paragraph -->